Open Watcom Linker Version 2.0 beta Sep 25 2024 02:13:55 (32-bit)
Copyright (c) 2002-2024 The Open Watcom Contributors. All Rights Reserved.
Portions Copyright (c) 1985-2002 Sybase, Inc. All Rights Reserved.
Created on:       24/10/05 19:21:31
Executable Image: colfind.exe
creating a Windows NT windowed executable


                        +------------+
                        |   Groups   |
                        +------------+

Group                           Address              Size
=====                           =======              ====

.idata                          0040f000             00000887
DGROUP                          00410000             000037c9



                        +--------------+
                        |   Segments   |
                        +--------------+

Segment                Class          Group          Address         Size
=======                =====          =====          =======         ====

BEGTEXT                CODE           AUTO           00401000        00000007
_TEXT                  CODE           AUTO           00401010        0000d065
TRANSFER CODE          CODE           AUTO           0040e078        000001e6
.idata                 .idata         .idata         0040f000        00000887
_NULL                  BEGDATA        DGROUP         00410000        00000004
_AFTERNULL             BEGDATA        DGROUP         00410004        00000000
CONST                  DATA           DGROUP         00410004        000003de
CONST2                 DATA           DGROUP         004103f0        00001350
_DATA                  DATA           DGROUP         00411740        000017ec
XIB                    DATA           DGROUP         00412f2c        00000000
XI                     DATA           DGROUP         00412f2c        0000002a
XIE                    DATA           DGROUP         00412f56        00000000
YIB                    DATA           DGROUP         00412f56        00000000
YI                     DATA           DGROUP         00412f56        0000001e
YIE                    DATA           DGROUP         00412f74        00000000
TIB                    DATA           DGROUP         00412f74        00000000
TI                     DATA           DGROUP         00412f74        00000000
TIE                    DATA           DGROUP         00412f74        00000000
DATA                   DATA           DGROUP         00412f74        00000000
_BSS                   BSS            DGROUP         00413000        00000798
c_common               BSS            DGROUP         00413798        00000031


                        +----------------+
                        |   Memory Map   |
                        +----------------+

* = unreferenced symbol
+ = symbol only referenced locally

Address        Symbol
=======        ======

Module: colfind.obj(C:\Users\topfr\Projects\CC\COLFIND\src\colfind.cpp)
00402621       __near std::exception::exception()
0040268d       __near std::exception::exception( std::exception const __near & )
00402704       __near std::exception::~exception()
004027db       char const __near * __near std::exception::what() const
0040283f+      char const __near * __near std::_ow::str_exception::what() const
004028cf+      __near ImageData::ImageData()
00402a4b+      __near ImageData::~ImageData()
00402b11+      __near ImageData::ImageData( ImageData const __near & )
004010cd+      HBITMAP__ __near * __near CreateDIBSection( HDC__ __near *, int, int, void __near * __near * )
0040114f       _WinMain@16
00401246+      long __near WindowProc( HWND__ __near *, int unsigned, int unsigned, long )
0040185f*      void __near SaveColumnDataToXML( std::vector<int __near,std::allocator<int __near > __near > const __near &, char const __near * )
00402cb2+      __near std::length_error::~length_error()
00402de4+      __near std::logic_error::~logic_error()
00402f16+      __near std::_ow::str_exception::~str_exception()
0040303e+      __near std::allocator<char __near >::~allocator()
00403071+      __near std::allocator<int __near >::allocator()
004030a3+      __near std::allocator<int __near >::~allocator()
004030d6+      __near std::allocator<ImageData __near >::allocator()
00403108+      __near std::allocator<ImageData __near >::~allocator()
0040313b+      __near std::basic_string<char __near,std::char_traits<char __near > __near,std::allocator<char __near > __near >::basic_string( std::allocator<char __near > const __near & )
00403202+      __near std::basic_string<char __near,std::char_traits<char __near > __near,std::allocator<char __near > __near >::basic_string( std::basic_string<char __near,std::char_traits<char __near > __near,std::allocator<char __near > __near > const __near & )
00403303+      __near std::basic_string<char __near,std::char_traits<char __near > __near,std::allocator<char __near > __near >::~basic_string()
004033ca+      __near std::vector<int __near,std::allocator<int __near > __near >::vector( std::allocator<int __near > const __near & )
00403491+      __near std::vector<int __near,std::allocator<int __near > __near >::vector( std::vector<int __near,std::allocator<int __near > __near > const __near & )
004035e9+      __near std::vector<int __near,std::allocator<int __near > __near >::~vector()
004036ed+      std::vector<int __near,std::allocator<int __near > __near > __near & __near std::vector<int __near,std::allocator<int __near > __near >::operator =( std::vector<int __near,std::allocator<int __near > __near > const __near & )
00403983+      void __near std::vector<int __near,std::allocator<int __near > __near >::push_back( int const __near & )
00403a29+      __near std::vector<ImageData __near,std::allocator<ImageData __near > __near >::vector( std::allocator<ImageData __near > const __near & )
00403af0+      __near std::vector<ImageData __near,std::allocator<ImageData __near > __near >::~vector()
00403c70+      void __near std::vector<ImageData __near,std::allocator<ImageData __near > __near >::push_back( ImageData const __near & )
00403e90+      int __near * __near std::uninitialized_copy<int __near * __near,int __near * __near >( int __near *, int __near *, int __near * )
00403fbe+      __near std::allocator<int __near >::allocator( std::allocator<int __near > const __near & )
00403ff1+      char __near * __near std::basic_string<char __near,std::char_traits<char __near > __near,std::allocator<char __near > __near >::alloc( int unsigned, int unsigned __near & )
0040406f+      int __near * __near std::vector<int __near,std::allocator<int __near > __near >::alloc( int unsigned, int unsigned __near & )
004040f0+      void __near std::vector<int __near,std::allocator<int __near > __near >::reserve( int unsigned )
00404465+      ImageData __near * __near std::vector<ImageData __near,std::allocator<ImageData __near > __near >::alloc( int unsigned, int unsigned __near & )
004044e4+      void __near std::vector<ImageData __near,std::allocator<ImageData __near > __near >::reserve( int unsigned )
00404906+      __near std::length_error::length_error( std::length_error const __near & )
00404a83+      __near std::logic_error::logic_error( std::logic_error const __near & )
00404ba4+      __near std::_ow::str_exception::str_exception( std::_ow::str_exception const __near & )
00404c6e+      ImageData __near * __near std::uninitialized_copy<ImageData __near * __near,ImageData __near * __near >( ImageData __near *, ImageData __near *, ImageData __near * )
00404fe5+      __near std::basic_string<char __near,std::char_traits<char __near > __near,std::allocator<char __near > __near >::basic_string( char const __near *, std::allocator<char __near > const __near & )
00410cb0+      int unsigned const __near std::basic_string<char __near,std::char_traits<char __near > __near,std::allocator<char __near > __near >::npos
00411750+      int __near thumbnailSize
00411754+      int __near thumbnailSpacing
00410cf0+      bool const __near std::numeric_limits<int unsigned __near >::is_specialized
00410d00+      int const __near std::numeric_limits<int unsigned __near >::digits
00410d10+      int const __near std::numeric_limits<int unsigned __near >::digits10
00410d20+      bool const __near std::numeric_limits<int unsigned __near >::is_integer
00410d30+      bool const __near std::numeric_limits<int unsigned __near >::is_exact
00413798+      bool const __near std::numeric_limits<int unsigned __near >::is_signed
0041379c+      int const __near std::numeric_limits<int unsigned __near >::min_exponent
004137a0+      int const __near std::numeric_limits<int unsigned __near >::min_exponent10
004137a4+      int const __near std::numeric_limits<int unsigned __near >::max_exponent
004137a8+      int const __near std::numeric_limits<int unsigned __near >::max_exponent10
004137ac+      bool const __near std::numeric_limits<int unsigned __near >::has_infinity
004137b0+      bool const __near std::numeric_limits<int unsigned __near >::has_quiet_NaN
00410d40+      int const __near std::numeric_limits<int unsigned __near >::radix
004137b4+      bool const __near std::numeric_limits<int unsigned __near >::has_signaling_NaN
004137b8+      bool const __near std::numeric_limits<int unsigned __near >::has_denorm_loss
00410d50+      std::float_denorm_style const __near std::numeric_limits<int unsigned __near >::has_denorm
00410d60+      bool const __near std::numeric_limits<int unsigned __near >::is_bounded
004137bc+      bool const __near std::numeric_limits<int unsigned __near >::is_iec559
004137c0+      bool const __near std::numeric_limits<int unsigned __near >::traps
004137c4+      bool const __near std::numeric_limits<int unsigned __near >::tinyness_before
00410d70+      bool const __near std::numeric_limits<int unsigned __near >::is_modulo
004137c8+      std::float_round_style const __near std::numeric_limits<int unsigned __near >::round_style
00401b67+      void __near ProcessImage( char const __near * )
00402210+      void __near RenderThumbnails( HWND__ __near *, HDC__ __near * )
00413000+      std::vector<ImageData __near,std::allocator<ImageData __near > __near > __near images
Module: C:\Bin\WATCOM\lib386\nt\clib3r.lib(stkwnt.asm)
00405261       __CHK
0040525d*      __STK
00405299       __GRO
0040528a       __STKOVERFLOW_
004052b9*      __alloca_probe
Module: C:\Bin\WATCOM\lib386\nt\plbx3r.lib(FSHAND)
004052cd       ___wcpp_4_fs_handler_
Module: C:\Bin\WATCOM\lib386\nt\plbx3r.lib(stablcl.cpp)
004052e0       __wcpp_4_lcl_register__
Module: C:\Bin\WATCOM\lib386\nt\plbx3r.lib(undefed.cpp)
004052f0       __wcpp_4_undefed_cdtor__
Module: C:\Bin\WATCOM\lib386\nt\plbx3r.lib(dtorarst.cpp)
00405300       __wcpp_4_dtor_array_store__
Module: C:\Bin\WATCOM\lib386\nt\plbx3r.lib(opdelarr.cpp)
00405330       void __near operator delete []( void __near * )
Module: C:\Bin\WATCOM\lib386\nt\plbx3r.lib(opdel.cpp)
00405340       void __near operator delete( void __near * )
Module: C:\Bin\WATCOM\lib386\nt\plbx3r.lib(opnewarr.cpp)
00405350       void __near * __near operator new []( int unsigned )
Module: C:\Bin\WATCOM\lib386\nt\clib3r.lib(memcpy.c)
00405360       memcpy_
Module: C:\Bin\WATCOM\lib386\nt\clib3r.lib(memset.c)
00405380       memset_
Module: C:\Bin\WATCOM\lib386\nt\plbx3r.lib(ofsconde.cpp)
004053a0       __near std::ofstream::ofstream()
Module: C:\Bin\WATCOM\lib386\nt\plbx3r.lib(flfoprot.cpp)
00411050       int const __near std::filebuf::openprot
Module: C:\Bin\WATCOM\lib386\nt\plbx3r.lib(fsbopen.cpp)
004054c0       void __near std::fstreambase::open( char const __near *, int, int )
Module: C:\Bin\WATCOM\lib386\nt\plbx3r.lib(ofsdestr.cpp)
00405510       __near std::ofstream::~ofstream()
Module: C:\Bin\WATCOM\lib386\nt\plbx3r.lib(ostincch.cpp)
00405610       std::ostream __near & __near std::ostream::operator <<( char const __near * )
Module: C:\Bin\WATCOM\lib386\nt\plbx3r.lib(ostinslo.cpp)
00405690       std::ostream __near & __near std::ostream::operator <<( long )
Module: C:\Bin\WATCOM\lib386\nt\plbx3r.lib(fsbclose.cpp)
00405780       void __near std::fstreambase::close()
Module: C:\Bin\WATCOM\lib386\nt\clib3r.lib(abs.c)
004057d0       abs_
Module: C:\Bin\WATCOM\lib386\nt\clib3r.lib(stjmp386.asm)
004057d8       _setjmp_
00405811       longjmp_
Module: C:\Bin\WATCOM\lib386\nt\plbx3r.lib(stabthrw.cpp)
00405fd0+      __near std::exception::exception( char const __near * )
00406020+      __near std::bad_exception::bad_exception()
00406080+      __near std::bad_exception::bad_exception( std::bad_exception const __near & )
004060d0+      __near std::bad_exception::~bad_exception()
00405e8c*      __wcpp_4_catch_done__
00405ef4       __wcpp_4_throw__
00405f3c*      __wcpp_4_throw_zero__
00405f88       __wcpp_4_rethrow__
Module: C:\Bin\WATCOM\lib386\nt\plbx3r.lib(opnew.cpp)
004061a0       void __near * __near operator new( int unsigned )
Module: C:\Bin\WATCOM\lib386\nt\plbx3r.lib(opnewp.cpp)
004061f0       void __near * __near operator new( int unsigned, void __near * )
Module: C:\Bin\WATCOM\lib386\nt\plbx3r.lib(stabdtor.cpp)
00406484       __wcpp_4_destruct_internal__
004064a4       __wcpp_4_destruct_all__
004064c8*      __wcpp_4_destruct__
Module: C:\Bin\WATCOM\lib386\nt\clib3r.lib(strlen.c)
004064f0       strlen_
Module: C:\Bin\WATCOM\lib386\nt\plbx3r.lib(undefmbd.cpp)
00413010       ___wcpp_4_data_undefined_member_data_
Module: C:\Bin\WATCOM\lib386\nt\clib3r.lib(cstrtwwt)
00406510       _wstart_
00406510*      _wstart2_
00406510*      WinMainCRTStartup
Module: C:\Bin\WATCOM\lib386\nt\plbx3r.lib(cppdata.cpp)
00413014       __wint_thread_data
00413038       __compiled_under_NT
Module: C:\Bin\WATCOM\lib386\nt\plbx3r.lib(moddtorr.cpp)
00412f56       ___wcpp_4_data_module_dtor_ref_
Module: C:\Bin\WATCOM\lib386\nt\plbx3r.lib(fsroot.cpp)
00412f38       ___wcpp_4_data_init_fs_root_
Module: C:\Bin\WATCOM\lib386\nt\clib3r.lib(xmsg.c)
004065b0       __exit_with_msg_
00406610       __fatal_runtime_error_
Module: C:\Bin\WATCOM\lib386\nt\clib3r.lib(snglthrd.c)
0041193c       ___FirstThreadData
00411940       ___GetThreadPtr
Module: C:\Bin\WATCOM\lib386\nt\plbx3r.lib(fsregist.cpp)
00406640*      __wcpp_4_dispatch_dummy__
00406664       __wcpp_4_fs_lookup__
0040675c       ___wcpp_4_fs_handler_rtn_
Module: C:\Bin\WATCOM\lib386\nt\plbx3r.lib(stabmod.cpp)
00406830       __wcpp_4_module_dtor__
0040685c       __wcpp_4_mod_register__
Module: C:\Bin\WATCOM\lib386\nt\plbx3r.lib(fatalerr.cpp)
00406870       __wcpp_4_fatal_runtime_error__
Module: C:\Bin\WATCOM\lib386\nt\plbx3r.lib(stabadt.cpp)
00406890+      void __near * __near dtor_the_array( _RTARCTOR __near * )
004068d4+      __near _RTARCTOR::~_RTARCTOR()
004068ec       __wcpp_4_dtor_array__
Module: C:\Bin\WATCOM\lib386\nt\clib3r.lib(nfree.c)
00406960       _nfree_
00406960       free_
0041303c       ___MiniHeapFreeRover
Module: C:\Bin\WATCOM\lib386\nt\clib3r.lib(__stos.asm)
00406a60       __STOSB
00406a9a*      __STOSD
Module: C:\Bin\WATCOM\lib386\nt\plbx3r.lib(fsbconde.cpp)
00406b10       __near std::fstreambase::fstreambase()
Module: C:\Bin\WATCOM\lib386\nt\plbx3r.lib(ostconde.cpp)
00406be0       __near std::ostream::ostream()
Module: C:\Bin\WATCOM\lib386\nt\plbx3r.lib(iosconde.cpp)
00406c30       __near std::ios::ios()
Module: C:\Bin\WATCOM\lib386\nt\plbx3r.lib(ostdestr.cpp)
00406c40       __near std::ostream::~ostream()
Module: C:\Bin\WATCOM\lib386\nt\plbx3r.lib(fsbdestr.cpp)
00406d10       __near std::fstreambase::~fstreambase()
Module: C:\Bin\WATCOM\lib386\nt\plbx3r.lib(iosdestr.cpp)
00406df0       __near std::ios::~ios()
Module: C:\Bin\WATCOM\lib386\nt\plbx3r.lib(flfopen.cpp)
00406e80       std::filebuf __near * __near std::filebuf::open( char const __near *, int, int )
Module: C:\Bin\WATCOM\lib386\nt\plbx3r.lib(iossetst.cpp)
00406f50+      __near std::ios::failure::failure( std::ios::failure const __near & )
00406f60+      __near std::ios::failure::~failure()
00406f70+      __near __WATCOM_exception::__WATCOM_exception( __WATCOM_exception const __near & )
00406f80+      __near __WATCOM_exception::~__WATCOM_exception()
00406f20       void __near std::ios::setstate( int )
Module: C:\Bin\WATCOM\lib386\nt\plbx3r.lib(iosclear.cpp)
00406f90       int __near std::ios::clear( int )
Module: C:\Bin\WATCOM\lib386\nt\plbx3r.lib(ostopfx.cpp)
00406fb0       int __near std::ostream::do_opfx()
Module: C:\Bin\WATCOM\lib386\nt\plbx3r.lib(iouwrtit.cpp)
00407020       int __near __WATCOM_ios::writeitem( std::ostream __near &, char const __near *, int, int )
Module: C:\Bin\WATCOM\lib386\nt\plbx3r.lib(ostflush.cpp)
00407370       std::ostream __near & __near std::ostream::flush()
Module: C:\Bin\WATCOM\lib386\nt\plbx3r.lib(ioufgtba.cpp)
004073b0       int __near __FlagsToBase( long )
Module: C:\Bin\WATCOM\lib386\nt\clib3r.lib(ltoa.c)
004073e0       ultoa_
00407430       ltoa_
Module: C:\Bin\WATCOM\lib386\nt\plbx3r.lib(ostinulo.cpp)
00407460       std::ostream __near & __near std::ostream::operator <<( long unsigned )
Module: C:\Bin\WATCOM\lib386\nt\plbx3r.lib(flfclose.cpp)
00407590       std::filebuf __near * __near std::filebuf::close()
Module: C:\Bin\WATCOM\lib386\nt\clib3r.lib(ljmphdl.c)
0041198c       ___longjmp_handler
Module: C:\Bin\WATCOM\lib386\nt\plbx3r.lib(exc_pr.cpp)
004075e0       __near _EXC_PR::_EXC_PR( _RTCTL __near *, RW_DTREG __near *, EXCSTATE )
0040760c       __near _EXC_PR::~_EXC_PR()
0040761c       __near _EXC_PR_FREE::_EXC_PR_FREE( _RTCTL __near *, RW_DTREG __near *, EXCSTATE, ACTIVE_EXC __near * )
00407664       __near _EXC_PR_FREE::~_EXC_PR_FREE()
0040769c       __near _EXC_PR_DTOR::_EXC_PR_DTOR( _RTCTL __near *, RW_DTREG __near *, EXCSTATE, ACTIVE_EXC __near * )
004076f0       __near _EXC_PR_FNEXC::_EXC_PR_FNEXC( _RTCTL __near *, RW_DTREG __near *, RW_DTREG __near *, ACTIVE_EXC __near * )
00407740       __near _EXC_PR_FNEXC::~_EXC_PR_FNEXC()
00407748       __near _EXC_PR_DTOR::~_EXC_PR_DTOR()
Module: C:\Bin\WATCOM\lib386\nt\plbx3r.lib(vfun_err.cpp)
00407770       __wcpp_4_undef_vfun__
Module: C:\Bin\WATCOM\lib386\nt\plbx3r.lib(callterm.cpp)
004077a0       __wcpp_4_corrupted_stack__
004077c4       __wcpp_4_call_terminate__
Module: C:\Bin\WATCOM\lib386\nt\plbx3r.lib(unexpect.cpp)
004077e0       void __near std::unexpected()
Module: C:\Bin\WATCOM\lib386\nt\plbx3r.lib(pgmthrd.cpp)
00407850       __wcpp_4_pgm_thread__
Module: C:\Bin\WATCOM\lib386\nt\plbx3r.lib(stabinit.cpp)
00407880       __wcpp_4_exc_setup__
Module: C:\Bin\WATCOM\lib386\nt\plbx3r.lib(tsequiv.cpp)
00407920       __wcpp_4_ts_refed__
00407934+      __wcpp_4_ts_pnted__
00407964       __wcpp_4_ts_equiv__
Module: C:\Bin\WATCOM\lib386\nt\plbx3r.lib(allocexc.cpp)
00407a84       __wcpp_4_alloc_exc__
00407cdc       __wcpp_4_free_exc__
00407d14       __wcpp_4_find_active__
00407d30       __wcpp_4_dtor_free_exc__
Module: C:\Bin\WATCOM\lib386\nt\plbx3r.lib(stabtrav.cpp)
00407e30       __wcpp_4_stab_entry__
00407e48*      __wcpp_4_stab_trav_comp__
00407f28       __wcpp_4_stab_trav_init__
00407f4c       __wcpp_4_stab_trav_next__
00407fa4       __wcpp_4_stab_trav_move__
Module: C:\Bin\WATCOM\lib386\nt\clib3r.lib(nmalloc.c)
00407fb0       _nmalloc_
00407fb0       malloc_
00411990       ___nheapbeg
00411994       ___MiniHeapRover
00411998       ___LargestSizeB4MiniHeapRover
Module: C:\Bin\WATCOM\lib386\nt\clib3r.lib(wmainwnt.c)
004080a0       __WinMain
Module: C:\Bin\WATCOM\lib386\nt\clib3r.lib(segdefns)
00401003       ___begtext
00410000*      __nullarea
00412f2c       __Start_XI
00412f56       __End_XI
00412f56       __Start_YI
00412f74       __End_YI
Module: C:\Bin\WATCOM\lib386\nt\clib3r.lib(mainwnt.c)
0041199c*      ___TlsIndex
004119a0       __AccessFileH
004119a4       __ReleaseFileH
004119a8       __AccessIOB
004119ac       __ReleaseIOB
004119b0       __AccessNHeap
004119b4*      __AccessFHeap
004119b8       __ReleaseNHeap
004119bc*      __ReleaseFHeap
004119c0*      __AccessTDList
004119c4*      __ReleaseTDList
004081b0*      __threadid_
004081d0+      __NTInit_
004083f0+      __NTFini_
00408470       __NTMainInit_
004084d0       __exit_
004119c8       __AccessFList
004119cc       __ReleaseFList
004119d0+      __ThreadExitRtn
004119d4       ___sig_init_rtn
004119d8       ___sig_fini_rtn
004119dc       ___process_fini
00413048       ___Is_DLL
Module: C:\Bin\WATCOM\lib386\nt\clib3r.lib(enterdb.c)
00408530       __EnterWVIDEO_
004119e0+      __WD_Present
Module: C:\Bin\WATCOM\lib386\nt\plbx3r.lib(stabdisp.cpp)
00408610       __wcpp_4_dispatchable__
Module: C:\Bin\WATCOM\lib386\nt\plbx3r.lib(prwdata.cpp)
00413664       __wint_pure_error_flag
00413666       __wint_undef_vfun_flag
00413668       __wint_module_init
Module: C:\Bin\WATCOM\lib386\nt\clib3r.lib(exit.c)
00408780+      __null_int23_exit_
00408781       exit_
004087cf*      _exit_
004119e4+      ___int23_exit
004119e8+      ___FPE_handler_exit
Module: C:\Bin\WATCOM\lib386\nt\clib3r.lib(mem.c)
004087f0       __MemAllocator
004088a0       __MemFree
Module: C:\Bin\WATCOM\lib386\nt\plbx3r.lib(flfconde.cpp)
004089e0       __near std::filebuf::filebuf()
Module: C:\Bin\WATCOM\lib386\nt\plbx3r.lib(iosinit.cpp)
00408a00       void __near std::ios::init( std::streambuf __near * )
Module: C:\Bin\WATCOM\lib386\nt\plbx3r.lib(flfdestr.cpp)
00408a50       __near std::filebuf::~filebuf()
Module: C:\Bin\WATCOM\lib386\nt\plbx3r.lib(ioufrxal.cpp)
00408b30       void __near __WATCOM_ios::free_xalloc_storage( std::ios __near * )
Module: C:\Bin\WATCOM\lib386\nt\clib3r.lib(plusopen.c)
00408b50       __plusplus_open_
Module: C:\Bin\WATCOM\lib386\nt\plbx3r.lib(iosfail.cpp)
00408c20       __near std::ios::failure::failure( int )
Module: C:\Bin\WATCOM\lib386\nt\clib3r.lib(iobaddr.c)
00408c30       __get_std_stream_
00408c30*      __get_std_file_
Module: C:\Bin\WATCOM\lib386\nt\clib3r.lib(flush.c)
00408c50       __flush_
Module: C:\Bin\WATCOM\lib386\nt\plbx3r.lib(stfdspun.cpp)
00408d50       int __near std::streambuf::do_sputn( char const __near *, int )
Module: C:\Bin\WATCOM\lib386\nt\clib3r.lib(alphabet.c)
00408df0       ___Alphabet
Module: C:\Bin\WATCOM\lib386\nt\plbx3r.lib(ostadpre.cpp)
00408e20       void __near __AddPrefix( char, char __near *, int __near &, int, long )
Module: C:\Bin\WATCOM\lib386\nt\clib3r.lib(_istrupr.gas)
00408e7c       strupr_
Module: C:\Bin\WATCOM\lib386\nt\clib3r.lib(close.c)
00408e90       close_
Module: C:\Bin\WATCOM\lib386\nt\plbx3r.lib(termnate.cpp)
00408ec0       void __near std::terminate()
Module: C:\Bin\WATCOM\lib386\nt\clib3r.lib(cmp386.asm)
00408ef0       strcmp_
Module: C:\Bin\WATCOM\lib386\nt\plbx3r.lib(areaexc.cpp)
00411a18       ___EXC_AREA
Module: C:\Bin\WATCOM\lib386\nt\plbx3r.lib(tssize.cpp)
00409054       __wcpp_4_ts_size__
Module: C:\Bin\WATCOM\lib386\nt\plbx3r.lib(bittest.cpp)
00409090       __wcpp_4_bit_test__
004090b0       __wcpp_4_bit_off__
Module: C:\Bin\WATCOM\lib386\nt\clib3r.lib(nmemneed.c)
004090d0       __nmemneed_
Module: C:\Bin\WATCOM\lib386\nt\clib3r.lib(grownear.c)
00409220       __ExpandDGROUP_
Module: C:\Bin\WATCOM\lib386\nt\clib3r.lib(initrtns.c)
00409270       __InitRtns
004092c0       __FiniRtns
Module: C:\Bin\WATCOM\lib386\nt\clib3r.lib(mthrdini.c)
00409320       __InitThreadData_
00412a30       ___ThreadDataSize
Module: C:\Bin\WATCOM\lib386\nt\clib3r.lib(crwdata)
00412a75       __osmajor
00412a76       __osminor
00412a3c       __LpCmdLine
00412a40       __LpPgmName
00412a34*      __dynend
00412a38       __curbrk
00412a64*      __cbyte
00412a68*      __cbyte2
00412a6c*      __child
00412a71       __Envptr
00412a77       __osbuild
00412a79       __osver
00412a7d       __winmajor
00412a81       __winminor
00412a85       __winver
00412a44       __LpDllName
00412a48       __LpwCmdLine
00412a4c       __LpwPgmName
00412a50       __LpwDllName
00412a54*      __STACKLOW
00412a58       __STACKTOP
00412a5c       __ASTACKSIZ
00412a60       __ASTACKPTR
00412a70*      __no87
00412a89       ___FPE_handler
Module: C:\Bin\WATCOM\lib386\nt\clib3r.lib(stackwnt.c)
00409350       stackavail_
Module: C:\Bin\WATCOM\lib386\nt\clib3r.lib(cinit.c)
00409370       __CommonInit_
Module: C:\Bin\WATCOM\lib386\nt\clib3r.lib(dosseg)
00001234       __DOSseg__
Module: C:\Bin\WATCOM\lib386\nt\clib3r.lib(hdlman.c)
00412a90+      ___NHandles
00409380+      __growPOSIXHandles_
00409420       __allocPOSIXHandle_
004094e0       __freePOSIXHandle_
00409500       __getOSHandle_
00409510       __setOSHandle_
00409560+      __NTGetFakeHandle_
004095d0       __initPOSIXHandles_
004096b0*      __set_handles_
004096c0*      _grow_handles_
Module: C:\Bin\WATCOM\lib386\nt\clib3r.lib(environ.c)
0041366c       ___env_mask
00413670       __wenviron
00413674       _environ
Module: C:\Bin\WATCOM\lib386\nt\clib3r.lib(getmodfn.c)
00409700       __lib_GetModuleFileNameW_
Module: C:\Bin\WATCOM\lib386\nt\clib3r.lib(strdup.c)
004097a0       __clib_strdup_
004097a0*      strdup_
Module: C:\Bin\WATCOM\lib386\nt\clib3r.lib(istable.c)
004097e0       __IsTable
Module: C:\Bin\WATCOM\lib386\nt\clib3r.lib(ustrdup.c)
004098e1       __clib_wcsdup_
004098e1*      wcsdup_
Module: C:\Bin\WATCOM\lib386\nt\clib3r.lib(uisspace.c)
00409908       iswspace_
Module: C:\Bin\WATCOM\lib386\nt\clib3r.lib(excptwnt.c)
00409f90+      ___ReportException@4
0040a3e0       __DefaultExceptionHandler_
0040a420+      ___ExceptionFilter
0040a630       __NewExceptionFilter_
0040a660       __DoneExceptionFilter_
00412aa4       ___oscode_check_func
00412aa8       ___raise_func
00413678*      _sw
0041367c+      ___ReportInvoked
0041367d+      ___ExceptionHandled
Module: C:\Bin\WATCOM\lib386\nt\clib3r.lib(stklmwnt.c)
0040a6a0       __init_stack_limits_
Module: C:\Bin\WATCOM\lib386\nt\plbx3r.lib(stfdsgtn.cpp)
0040a710       int __near std::streambuf::do_sgetn( char __near *, int )
Module: C:\Bin\WATCOM\lib386\nt\plbx3r.lib(flfpbfai.cpp)
0040a790       int __near std::filebuf::pbackfail( int )
Module: C:\Bin\WATCOM\lib386\nt\plbx3r.lib(flfoverf.cpp)
0040a850       int __near std::filebuf::overflow( int )
Module: C:\Bin\WATCOM\lib386\nt\plbx3r.lib(flfundrf.cpp)
0040aa60       int __near std::filebuf::underflow()
Module: C:\Bin\WATCOM\lib386\nt\plbx3r.lib(flfsetbf.cpp)
0040ab70       std::streambuf __near * __near std::filebuf::setbuf( char __near *, int )
Module: C:\Bin\WATCOM\lib386\nt\plbx3r.lib(flfseeko.cpp)
0040abd0       long __near std::filebuf::seekoff( long, int, int )
Module: C:\Bin\WATCOM\lib386\nt\plbx3r.lib(stfseekp.cpp)
0040ac20       long __near std::streambuf::seekpos( long, int )
Module: C:\Bin\WATCOM\lib386\nt\plbx3r.lib(flfsync.cpp)
0040ac30       int __near std::filebuf::sync()
Module: C:\Bin\WATCOM\lib386\nt\plbx3r.lib(stfdoall.cpp)
0040acd0       int __near std::streambuf::doallocate()
Module: C:\Bin\WATCOM\lib386\nt\plbx3r.lib(stfconde.cpp)
0040ad10       __near std::streambuf::streambuf()
Module: C:\Bin\WATCOM\lib386\nt\plbx3r.lib(stfdestr.cpp)
0040ad60       __near std::streambuf::~streambuf()
Module: C:\Bin\WATCOM\lib386\nt\clib3r.lib(liballoc.c)
0040ad80       _plib_malloc_
0040ad90       _plib_free_
Module: C:\Bin\WATCOM\lib386\nt\clib3r.lib(statwnt.c)
0040ae9a       stat_
Module: C:\Bin\WATCOM\lib386\nt\clib3r.lib(openwnt.c)
0040b230*      open_
0040b260       _sopen_
Module: C:\Bin\WATCOM\lib386\nt\clib3r.lib(iob.c)
00412aac       ___iob
00413680       ___ClosedStreams
00413684       ___OpenStreams
Module: C:\Bin\WATCOM\lib386\nt\clib3r.lib(__lseek.c)
0040b280       __lseek_
Module: C:\Bin\WATCOM\lib386\nt\clib3r.lib(fsync.c)
0040b2c0       fsync_
Module: C:\Bin\WATCOM\lib386\nt\clib3r.lib(qwrit.c)
0040b310       __qwrite_
Module: C:\Bin\WATCOM\lib386\nt\plbx3r.lib(pure_err.cpp)
0040b3f0       __wcpp_4_pure_error__
Module: C:\Bin\WATCOM\lib386\nt\clib3r.lib(strupr.c)
0040b420       _strupr_
Module: C:\Bin\WATCOM\lib386\nt\clib3r.lib(iomode.c)
0040b440       __GetIOMode_
0040b460       __SetIOMode_nogrow_
00412cb4       ___NFiles
00412cb8       ___init_mode
00412d08       ___io_mode
Module: C:\Bin\WATCOM\lib386\nt\clib3r.lib(_clsewnt.c)
0040b480       __close_
Module: C:\Bin\WATCOM\lib386\nt\clib3r.lib(amblksiz.c)
00412d0c       __amblksiz
Module: C:\Bin\WATCOM\lib386\nt\clib3r.lib(nheapmin.c)
0040b4e0*      _nheapshrink_
0040b4e0*      _heapshrink_
0040b520       __nheapshrink_
Module: C:\Bin\WATCOM\lib386\nt\clib3r.lib(heapen.c)
0040b570*      _heapenable_
00412d10       ___heap_enabled
Module: C:\Bin\WATCOM\lib386\nt\clib3r.lib(nrealloc.c)
0040b5a0*      _nrealloc_
0040b5a0       realloc_
Module: C:\Bin\WATCOM\lib386\nt\clib3r.lib(stiomode.c)
0040b620       __grow_iomode_
0040b6f0+      __shrink_iomode_
0040b730       __SetIOMode_
Module: C:\Bin\WATCOM\lib386\nt\clib3r.lib(setenvp.c)
0040b7b0       __setenvp_
0040b880       __freeenvp_
Module: C:\Bin\WATCOM\lib386\nt\clib3r.lib(ustrlen.c)
0040b8e0       wcslen_
Module: C:\Bin\WATCOM\lib386\nt\clib3r.lib(conutwnt.c)
0040b910*      __NTRealKey_
0040b9c0*      __NTConsoleInput_
0040b9d0       __NTConsoleOutput_
Module: C:\Bin\WATCOM\lib386\nt\clib3r.lib(fclex387.c)
0040b9e0       _ClearFPE_
Module: C:\Bin\WATCOM\lib386\nt\clib3r.lib(signlwnt.c)
0040bbf0       __sigfpe_handler_
0040bc40*      signal_
0040bcd0+      raise_
Module: C:\Bin\WATCOM\lib386\nt\plbx3r.lib(stfpbfai.cpp)
0040bdf0       int __near std::streambuf::pbackfail( int )
Module: C:\Bin\WATCOM\lib386\nt\clib3r.lib(lseek.c)
0040be00       lseek_
Module: C:\Bin\WATCOM\lib386\nt\clib3r.lib(write.c)
0040c090       write_
Module: C:\Bin\WATCOM\lib386\nt\clib3r.lib(_itell__.gas)
0040c2f0       tell_
Module: C:\Bin\WATCOM\lib386\nt\clib3r.lib(memmove.c)
0040c300       memmove_
Module: C:\Bin\WATCOM\lib386\nt\clib3r.lib(read.c)
0040c360       read_
Module: C:\Bin\WATCOM\lib386\nt\plbx3r.lib(stfsetb.cpp)
0040c520       void __near std::streambuf::setb( char __near *, char __near *, int )
Module: C:\Bin\WATCOM\lib386\nt\plbx3r.lib(stfsbuf.cpp)
0040c580       std::streambuf __near * __near std::streambuf::setbuf( char __near *, int )
Module: C:\Bin\WATCOM\lib386\nt\clib3r.lib(stricmp.c)
0040c5d0       _stricmp_
Module: C:\Bin\WATCOM\lib386\nt\clib3r.lib(strchr.c)
0040c610       strchr_
Module: C:\Bin\WATCOM\lib386\nt\clib3r.lib(mbspbrk.c)
0040c630       _mbspbrk_
Module: C:\Bin\WATCOM\lib386\nt\clib3r.lib(gtcwdwnt.c)
0040c680       getcwd_
Module: C:\Bin\WATCOM\lib386\nt\clib3r.lib(fullpath.c)
0040c7b0       _fullpath_
Module: C:\Bin\WATCOM\lib386\nt\clib3r.lib(mbsinc.c)
0040c820       _mbsinc_
Module: C:\Bin\WATCOM\lib386\nt\clib3r.lib(fffrstfi.c)
0040c850       __fixed_FindFirstFileA_
Module: C:\Bin\WATCOM\lib386\nt\clib3r.lib(dosret.c)
0040c880       __set_errno_dos_
0040c8c0*      __set_errno_dos_reterr_
0040c8d0       __set_errno_nt_
0040c8e0*      __set_errno_nt_reterr_
Module: C:\Bin\WATCOM\lib386\nt\clib3r.lib(tolower.c)
0040c8f4       tolower_
Module: C:\Bin\WATCOM\lib386\nt\clib3r.lib(ft2timet.c)
0040c910       __NT_filetime_to_timet_
Module: C:\Bin\WATCOM\lib386\nt\clib3r.lib(ntfio.c)
0040c930*      __GetNTCreateAttr_
0040c970       __GetNTAccessAttr_
0040c9a0       __GetNTShareAttr_
Module: C:\Bin\WATCOM\lib386\nt\clib3r.lib(umaskval.c)
00412e8c       ___umaskval
Module: C:\Bin\WATCOM\lib386\nt\clib3r.lib(isattwnt.c)
0040ca00       isatty_
Module: C:\Bin\WATCOM\lib386\nt\clib3r.lib(textmode.c)
00412e90       __fmode
Module: C:\Bin\WATCOM\lib386\nt\clib3r.lib(initfile.c)
0040ca50       __InitFiles_
Module: C:\Bin\WATCOM\lib386\nt\clib3r.lib(ioexit.c)
0040cb50*      fcloseall_
0040cb60       __full_io_exit_
Module: C:\Bin\WATCOM\lib386\nt\clib3r.lib(nheapunl.c)
0040cb70       __UnlinkNHeap_
Module: C:\Bin\WATCOM\lib386\nt\clib3r.lib(nmsize.c)
0040cbd0       _nmsize_
0040cbd0*      _msize_
Module: C:\Bin\WATCOM\lib386\nt\clib3r.lib(nexpand.c)
0040cbe0       _nexpand_
0040cbe0*      _expand_
Module: C:\Bin\WATCOM\lib386\nt\clib3r.lib(iomodtty.c)
0040cc10       __ChkTTYIOMode_
0040cc50*      __IOMode_
Module: C:\Bin\WATCOM\lib386\nt\clib3r.lib(dofilstr.c)
0040cc90       __ParsePosixHandleStr_
Module: C:\Bin\WATCOM\lib386\nt\clib3r.lib(clearenv.c)
0040cdb0       clearenv_
Module: C:\Bin\WATCOM\lib386\nt\clib3r.lib(abort.c)
0040ce8c*      abort_
0040ce9b       __terminate_
00412e94       ___abort
Module: C:\Bin\WATCOM\lib386\nt\clib3r.lib(tell.c)
0040ceb0       _tell_
Module: C:\Bin\WATCOM\lib386\nt\clib3r.lib(mbterm.c)
0040ced0       _mbterm_
Module: C:\Bin\WATCOM\lib386\nt\clib3r.lib(mbsnextc.c)
0040cf10       _mbsnextc_
Module: C:\Bin\WATCOM\lib386\nt\clib3r.lib(mbschr.c)
0040cf50       _mbschr_
Module: C:\Bin\WATCOM\lib386\nt\clib3r.lib(mbisdbcs.c)
00412e98       ___IsDBCS
Module: C:\Bin\WATCOM\lib386\nt\clib3r.lib(mbislead.c)
0040cfb0*      _ismbblead_
00413690       ___MBCSIsTable
Module: C:\Bin\WATCOM\lib386\nt\clib3r.lib(i8d.asm)
0040cfc8*      __I8D
0040d01d       __U8D
Module: C:\Bin\WATCOM\lib386\nt\clib3r.lib(fclose.c)
0040d0b0+      __doclose_
0040d160       __shutdown_stream_
0040d180*      fclose_
00413794+      ___RmTmpFileFn
Module: C:\Bin\WATCOM\lib386\nt\clib3r.lib(freefp.c)
0040d1d0       __freefp_
0040d210       __purgefp_
Module: C:\Bin\WATCOM\lib386\nt\clib3r.lib(_expand.c)
0040d240       __HeapManager_expand_
Module: C:\Bin\WATCOM\lib386\nt\clib3r.lib(getenv.c)
0040d380       getenv_
Module: C:\Bin\WATCOM\lib386\nt\clib3r.lib(strncpy.c)
0040d420       strncpy_
Module: C:\Bin\WATCOM\lib386\nt\clib3r.lib(strtol.c)
0040d670*      strtoul_
0040d680       strtol_
Module: C:\Bin\WATCOM\lib386\nt\clib3r.lib(putenv.c)
0040d7b0       putenv_
Module: C:\Bin\WATCOM\lib386\nt\clib3r.lib(mbconv.c)
0040d7e0       _mbvtop_
Module: C:\Bin\WATCOM\lib386\nt\clib3r.lib(mbclen.c)
0040d800       _mbclen_
Module: C:\Bin\WATCOM\lib386\nt\clib3r.lib(mbccmp.c)
0040d830       _mbccmp_
Module: C:\Bin\WATCOM\lib386\nt\clib3r.lib(mbinit.c)
0040d8d7       __mbinit_
00412f28       ___MBCodePage
Module: C:\Bin\WATCOM\lib386\nt\clib3r.lib(mbcupper.c)
0040d9a0       _mbctoupper_
Module: C:\Bin\WATCOM\lib386\nt\clib3r.lib(_cvtstr.c)
0040d9d0       __lib_cvt_mbstowcs_errno_
Module: C:\Bin\WATCOM\lib386\nt\clib3r.lib(_uputenv.c)
0040da40       __wputenv_
Module: C:\Bin\WATCOM\lib386\nt\clib3r.lib(mbslen.c)
0040daa0       _mbslen_
Module: C:\Bin\WATCOM\lib386\nt\clib3r.lib(_osenv.c)
0040dad0       __os_env_update_narrow_
Module: C:\Bin\WATCOM\lib386\nt\clib3r.lib(_putenv.c)
0040daf0       __putenv_
Module: C:\Bin\WATCOM\lib386\nt\clib3r.lib(mbstowcs.c)
0040db80       mbstowcs_
Module: C:\Bin\WATCOM\lib386\nt\clib3r.lib(_ufinden.c)
0040dcc0       __wfindenvadd_
0040dd40       __wfindenvdel_
Module: C:\Bin\WATCOM\lib386\nt\clib3r.lib(_findenv.c)
0040dec0       __findenvadd_
0040df70       __findenvdel_
Module: C:\Bin\WATCOM\lib386\nt\clib3r.lib(mbtowc.c)
0040df90       mbtowc_
Module: C:\Bin\WATCOM\lib386\nt\clib3r.lib(utoupper.c)
0040e020       towupper_
Module: C:\Bin\WATCOM\lib386\nt\plbx3r.lib(stfseeko.cpp)
0040e030       long __near std::streambuf::seekoff( long, int, int )
Module: C:\Bin\WATCOM\lib386\nt\plbx3r.lib(stfsync.cpp)
0040e040       int __near std::streambuf::sync()


                        +----------------------+
                        |   Imported Symbols   |
                        +----------------------+

Symbol                              Module
======                              ======

_CreateDIBSection@24                GDI32.DLL
_RegisterClassA@4                   USER32.DLL
_CreateWindowExA@48                 USER32.DLL
_ShowWindow@8                       USER32.DLL
_GetMessageA@16                     USER32.DLL
_TranslateMessage@4                 USER32.DLL
_DispatchMessageA@4                 USER32.DLL
_CreateMenu@0                       USER32.DLL
_CreatePopupMenu@0                  USER32.DLL
_AppendMenuA@16                     USER32.DLL
_MessageBoxA@16                     USER32.DLL
_SetMenu@8                          USER32.DLL
_DragAcceptFiles@8                  SHELL32.DLL
_PostQuitMessage@4                  USER32.DLL
_BeginPaint@8                       USER32.DLL
_GetWindowRect@8                    USER32.DLL
_GetStockObject@4                   GDI32.DLL
_SelectObject@8                     GDI32.DLL
_Rectangle@20                       GDI32.DLL
_EndPaint@8                         USER32.DLL
_GetOpenFileNameA@4                 COMDLG32.DLL
_InvalidateRect@12                  USER32.DLL
_DragQueryFileA@16                  SHELL32.DLL
_DragFinish@4                       SHELL32.DLL
_GetScrollInfo@12                   USER32.DLL
_SetScrollInfo@16                   USER32.DLL
_DefWindowProcA@16                  USER32.DLL
_LoadImageA@24                      USER32.DLL
_GetObjectA@12                      GDI32.DLL
_GetDC@4                            USER32.DLL
_CreateCompatibleDC@4               GDI32.DLL
_GetPixel@12                        GDI32.DLL
_DeleteDC@4                         GDI32.DLL
_ReleaseDC@8                        USER32.DLL
_DeleteObject@4                     GDI32.DLL
_GetClientRect@8                    USER32.DLL
_BitBlt@36                          GDI32.DLL
_CreatePen@12                       GDI32.DLL
_MoveToEx@16                        GDI32.DLL
_LineTo@12                          GDI32.DLL
_TextOutA@20                        GDI32.DLL
_RtlUnwind@16                       KERNEL32.DLL
_RaiseException@16                  KERNEL32.DLL
_GetStdHandle@4                     KERNEL32.DLL
_WriteFile@20                       KERNEL32.DLL
_GetModuleHandleA@4                 KERNEL32.DLL
_GetVersion@0                       KERNEL32.DLL
_GetProcAddress@8                   KERNEL32.DLL
_GetModuleFileNameA@12              KERNEL32.DLL
_GetCommandLineA@0                  KERNEL32.DLL
_GetCommandLineW@0                  KERNEL32.DLL
_ExitProcess@4                      KERNEL32.DLL
_VirtualAlloc@16                    KERNEL32.DLL
_GetCurrentThreadId@0               KERNEL32.DLL
_SetStdHandle@8                     KERNEL32.DLL
_CreateEventA@16                    KERNEL32.DLL
_CloseHandle@4                      KERNEL32.DLL
_GetModuleFileNameW@12              KERNEL32.DLL
_MultiByteToWideChar@24             KERNEL32.DLL
_LoadLibraryA@4                     KERNEL32.DLL
_SetUnhandledExceptionFilter@4      KERNEL32.DLL
_UnhandledExceptionFilter@4         KERNEL32.DLL
_VirtualQuery@12                    KERNEL32.DLL
_CreateFileA@28                     KERNEL32.DLL
_GetFileType@4                      KERNEL32.DLL
_GetLastError@0                     KERNEL32.DLL
_GetDriveTypeA@4                    KERNEL32.DLL
_FindClose@4                        KERNEL32.DLL
_SetFilePointer@16                  KERNEL32.DLL
_FlushFileBuffers@4                 KERNEL32.DLL
_VirtualFree@12                     KERNEL32.DLL
_SetConsoleCtrlHandler@8            KERNEL32.DLL
_ReadFile@20                        KERNEL32.DLL
_GetCurrentDirectoryA@8             KERNEL32.DLL
_GetFullPathNameA@16                KERNEL32.DLL
_FindFirstFileA@8                   KERNEL32.DLL
_GetACP@0                           KERNEL32.DLL
_GetOEMCP@0                         KERNEL32.DLL
_GetCPInfo@8                        KERNEL32.DLL
_CharUpperA@4                       USER32.DLL
_SetEnvironmentVariableA@8          KERNEL32.DLL


                        +--------------------+
                        |   Libraries Used   |
                        +--------------------+

C:\Bin\WATCOM\lib386\nt\kernel32.lib
C:\Bin\WATCOM\lib386\nt\user32.lib
C:\Bin\WATCOM\lib386\nt\gdi32.lib
C:\Bin\WATCOM\lib386\nt\comdlg32.lib
C:\Bin\WATCOM\lib386\nt\shell32.lib
C:\Bin\WATCOM\lib386\nt\plbx3r.lib
C:\Bin\WATCOM\lib386\nt\clib3r.lib


                        +-----------------------+
                        |   Linker Statistics   |
                        +-----------------------+

Stack size:  00100000 (1048576.)
Memory size:  000112ae (70318.)
Entry point address: 00406510
Link time: 00:00.15
